This is pdfTeX, Version 3.141592653-2.6-1.40.26 (TeX Live 2024) (preloaded format=pdflatex 2024.4.12)  4 SEP 2026 19:48
entering extended mode
 restricted \write18 enabled.
 file:line:error style messages enabled.
 %&-line parsing enabled.
**"/Users/sushanthgunda/Desktop/cs 6008/assignment_1/Chat_Application/report/report.tex"
(/Users/sushanthgunda/Desktop/cs 6008/assignment_1/Chat_Application/report/report.tex
LaTeX2e <2023-11-01> patch level 1
L3 programming layer <2024-02-20>
(/usr/local/texlive/2024/texmf-dist/tex/latex/base/article.cls
Document Class: article 2023/05/17 v1.4n Standard LaTeX document class
(/usr/local/texlive/2024/texmf-dist/tex/latex/base/size11.clo
File: size11.clo 2023/05/17 v1.4n Standard LaTeX file (size option)
)
\c@part=\count188
\c@section=\count189
\c@subsection=\count190
\c@subsubsection=\count191
\c@paragraph=\count192
\c@subparagraph=\count193
\c@figure=\count194
\c@table=\count195
\abovecaptionskip=\skip48
\belowcaptionskip=\skip49
\bibindent=\dimen140
) (/usr/local/texlive/2024/texmf-dist/tex/latex/base/inputenc.sty
Package: inputenc 2021/02/14 v1.3d Input encoding file
\inpenc@prehook=\toks17
\inpenc@posthook=\toks18
) (/usr/local/texlive/2024/texmf-dist/tex/latex/geometry/geometry.sty
Package: geometry 2020/01/02 v5.9 Page Geometry
 (/usr/local/texlive/2024/texmf-dist/tex/latex/graphics/keyval.sty
Package: keyval 2022/05/29 v1.15 key=value parser (DPC)
\KV@toks@=\toks19
) (/usr/local/texlive/2024/texmf-dist/tex/generic/iftex/ifvtex.sty
Package: ifvtex 2019/10/25 v1.7 ifvtex legacy package. Use iftex instead.
 (/usr/local/texlive/2024/texmf-dist/tex/generic/iftex/iftex.sty
Package: iftex 2022/02/03 v1.0f TeX engine tests
))
\Gm@cnth=\count196
\Gm@cntv=\count197
\c@Gm@tempcnt=\count198
\Gm@bindingoffset=\dimen141
\Gm@wd@mp=\dimen142
\Gm@odd@mp=\dimen143
\Gm@even@mp=\dimen144
\Gm@layoutwidth=\dimen145
\Gm@layoutheight=\dimen146
\Gm@layouthoffset=\dimen147
\Gm@layoutvoffset=\dimen148
\Gm@dimlist=\toks20
) (/usr/local/texlive/2024/texmf-dist/tex/latex/amsmath/amsmath.sty
Package: amsmath 2023/05/13 v2.17o AMS math features
\@mathmargin=\skip50

For additional information on amsmath, use the `?' option.
(/usr/local/texlive/2024/texmf-dist/tex/latex/amsmath/amstext.sty
Package: amstext 2021/08/26 v2.01 AMS text
 (/usr/local/texlive/2024/texmf-dist/tex/latex/amsmath/amsgen.sty
File: amsgen.sty 1999/11/30 v2.0 generic functions
\@emptytoks=\toks21
\ex@=\dimen149
)) (/usr/local/texlive/2024/texmf-dist/tex/latex/amsmath/amsbsy.sty
Package: amsbsy 1999/11/29 v1.2d Bold Symbols
\pmbraise@=\dimen150
) (/usr/local/texlive/2024/texmf-dist/tex/latex/amsmath/amsopn.sty
Package: amsopn 2022/04/08 v2.04 operator names
)
\inf@bad=\count199
LaTeX Info: Redefining \frac on input line 234.
\uproot@=\count266
\leftroot@=\count267
LaTeX Info: Redefining \overline on input line 399.
LaTeX Info: Redefining \colon on input line 410.
\classnum@=\count268
\DOTSCASE@=\count269
LaTeX Info: Redefining \ldots on input line 496.
LaTeX Info: Redefining \dots on input line 499.
LaTeX Info: Redefining \cdots on input line 620.
\Mathstrutbox@=\box51
\strutbox@=\box52
LaTeX Info: Redefining \big on input line 722.
LaTeX Info: Redefining \Big on input line 723.
LaTeX Info: Redefining \bigg on input line 724.
LaTeX Info: Redefining \Bigg on input line 725.
\big@size=\dimen151
LaTeX Font Info:    Redeclaring font encoding OML on input line 743.
LaTeX Font Info:    Redeclaring font encoding OMS on input line 744.
\macc@depth=\count270
LaTeX Info: Redefining \bmod on input line 905.
LaTeX Info: Redefining \pmod on input line 910.
LaTeX Info: Redefining \smash on input line 940.
LaTeX Info: Redefining \relbar on input line 970.
LaTeX Info: Redefining \Relbar on input line 971.
\c@MaxMatrixCols=\count271
\dotsspace@=\muskip16
\c@parentequation=\count272
\dspbrk@lvl=\count273
\tag@help=\toks22
\row@=\count274
\column@=\count275
\maxfields@=\count276
\andhelp@=\toks23
\eqnshift@=\dimen152
\alignsep@=\dimen153
\tagshift@=\dimen154
\tagwidth@=\dimen155
\totwidth@=\dimen156
\lineht@=\dimen157
\@envbody=\toks24
\multlinegap=\skip51
\multlinetaggap=\skip52
\mathdisplay@stack=\toks25
LaTeX Info: Redefining \[ on input line 2953.
LaTeX Info: Redefining \] on input line 2954.
) (/usr/local/texlive/2024/texmf-dist/tex/latex/amsfonts/amssymb.sty
Package: amssymb 2013/01/14 v3.01 AMS font symbols
 (/usr/local/texlive/2024/texmf-dist/tex/latex/amsfonts/amsfonts.sty
Package: amsfonts 2013/01/14 v3.01 Basic AMSFonts support
\symAMSa=\mathgroup4
\symAMSb=\mathgroup5
LaTeX Font Info:    Redeclaring math symbol \hbar on input line 98.
LaTeX Font Info:    Overwriting math alphabet `\mathfrak' in version `bold'
(Font)                  U/euf/m/n --> U/euf/b/n on input line 106.
)) (/usr/local/texlive/2024/texmf-dist/tex/latex/graphics/graphicx.sty
Package: graphicx 2021/09/16 v1.2d Enhanced LaTeX Graphics (DPC,SPQR)
 (/usr/local/texlive/2024/texmf-dist/tex/latex/graphics/graphics.sty
Package: graphics 2022/03/10 v1.4e Standard LaTeX Graphics (DPC,SPQR)
 (/usr/local/texlive/2024/texmf-dist/tex/latex/graphics/trig.sty
Package: trig 2021/08/11 v1.11 sin cos tan (DPC)
) (/usr/local/texlive/2024/texmf-dist/tex/latex/graphics-cfg/graphics.cfg
File: graphics.cfg 2016/06/04 v1.11 sample graphics configuration
)
Package graphics Info: Driver file: pdftex.def on input line 107.
 (/usr/local/texlive/2024/texmf-dist/tex/latex/graphics-def/pdftex.def
File: pdftex.def 2022/09/22 v1.2b Graphics/color driver for pdftex
))
\Gin@req@height=\dimen158
\Gin@req@width=\dimen159
) (/usr/local/texlive/2024/texmf-dist/tex/latex/booktabs/booktabs.sty
Package: booktabs 2020/01/12 v1.61803398 Publication quality tables
\heavyrulewidth=\dimen160
\lightrulewidth=\dimen161
\cmidrulewidth=\dimen162
\belowrulesep=\dimen163
\belowbottomsep=\dimen164
\aboverulesep=\dimen165
\abovetopsep=\dimen166
\cmidrulesep=\dimen167
\cmidrulekern=\dimen168
\defaultaddspace=\dimen169
\@cmidla=\count277
\@cmidlb=\count278
\@aboverulesep=\dimen170
\@belowrulesep=\dimen171
\@thisruleclass=\count279
\@lastruleclass=\count280
\@thisrulewidth=\dimen172
) (/usr/local/texlive/2024/texmf-dist/tex/latex/hyperref/hyperref.sty
Package: hyperref 2024-01-20 v7.01h Hypertext links for LaTeX
 (/usr/local/texlive/2024/texmf-dist/tex/latex/kvsetkeys/kvsetkeys.sty
Package: kvsetkeys 2022-10-05 v1.19 Key value parser (HO)
) (/usr/local/texlive/2024/texmf-dist/tex/generic/kvdefinekeys/kvdefinekeys.sty
Package: kvdefinekeys 2019-12-19 v1.6 Define keys (HO)
) (/usr/local/texlive/2024/texmf-dist/tex/generic/pdfescape/pdfescape.sty
Package: pdfescape 2019/12/09 v1.15 Implements pdfTeX's escape features (HO)
 (/usr/local/texlive/2024/texmf-dist/tex/generic/ltxcmds/ltxcmds.sty
Package: ltxcmds 2023-12-04 v1.26 LaTeX kernel commands for general use (HO)
) (/usr/local/texlive/2024/texmf-dist/tex/generic/pdftexcmds/pdftexcmds.sty
Package: pdftexcmds 2020-06-27 v0.33 Utility functions of pdfTeX for LuaTeX (HO)
 (/usr/local/texlive/2024/texmf-dist/tex/generic/infwarerr/infwarerr.sty
Package: infwarerr 2019/12/03 v1.5 Providing info/warning/error messages (HO)
)
Package pdftexcmds Info: \pdf@primitive is available.
Package pdftexcmds Info: \pdf@ifprimitive is available.
Package pdftexcmds Info: \pdfdraftmode found.
)) (/usr/local/texlive/2024/texmf-dist/tex/latex/hycolor/hycolor.sty
Package: hycolor 2020-01-27 v1.10 Color options for hyperref/bookmark (HO)
) (/usr/local/texlive/2024/texmf-dist/tex/latex/auxhook/auxhook.sty
Package: auxhook 2019-12-17 v1.6 Hooks for auxiliary files (HO)
) (/usr/local/texlive/2024/texmf-dist/tex/latex/hyperref/nameref.sty
Package: nameref 2023-11-26 v2.56 Cross-referencing by name of section
 (/usr/local/texlive/2024/texmf-dist/tex/latex/refcount/refcount.sty
Package: refcount 2019/12/15 v3.6 Data extraction from label references (HO)
) (/usr/local/texlive/2024/texmf-dist/tex/generic/gettitlestring/gettitlestring.sty
Package: gettitlestring 2019/12/15 v1.6 Cleanup title references (HO)
 (/usr/local/texlive/2024/texmf-dist/tex/latex/kvoptions/kvoptions.sty
Package: kvoptions 2022-06-15 v3.15 Key value format for package options (HO)
))
\c@section@level=\count281
) (/usr/local/texlive/2024/texmf-dist/tex/latex/etoolbox/etoolbox.sty
Package: etoolbox 2020/10/05 v2.5k e-TeX tools for LaTeX (JAW)
\etb@tempcnta=\count282
)
\@linkdim=\dimen173
\Hy@linkcounter=\count283
\Hy@pagecounter=\count284
 (/usr/local/texlive/2024/texmf-dist/tex/latex/hyperref/pd1enc.def
File: pd1enc.def 2024-01-20 v7.01h Hyperref: PDFDocEncoding definition (HO)
Now handling font encoding PD1 ...
... no UTF-8 mapping file for font encoding PD1
) (/usr/local/texlive/2024/texmf-dist/tex/generic/intcalc/intcalc.sty
Package: intcalc 2019/12/15 v1.3 Expandable calculations with integers (HO)
)
\Hy@SavedSpaceFactor=\count285
 (/usr/local/texlive/2024/texmf-dist/tex/latex/hyperref/puenc.def
File: puenc.def 2024-01-20 v7.01h Hyperref: PDF Unicode definition (HO)
Now handling font encoding PU ...
... no UTF-8 mapping file for font encoding PU
)
Package hyperref Info: Hyper figures OFF on input line 4179.
Package hyperref Info: Link nesting OFF on input line 4184.
Package hyperref Info: Hyper index ON on input line 4187.
Package hyperref Info: Plain pages OFF on input line 4194.
Package hyperref Info: Backreferencing OFF on input line 4199.
Package hyperref Info: Implicit mode ON; LaTeX internals redefined.
Package hyperref Info: Bookmarks ON on input line 4446.
\c@Hy@tempcnt=\count286
 (/usr/local/texlive/2024/texmf-dist/tex/latex/url/url.sty
\Urlmuskip=\muskip17
Package: url 2013/09/16  ver 3.4  Verb mode for urls, etc.
)
LaTeX Info: Redefining \url on input line 4784.
\XeTeXLinkMargin=\dimen174
 (/usr/local/texlive/2024/texmf-dist/tex/generic/bitset/bitset.sty
Package: bitset 2019/12/09 v1.3 Handle bit-vector datatype (HO)
 (/usr/local/texlive/2024/texmf-dist/tex/generic/bigintcalc/bigintcalc.sty
Package: bigintcalc 2019/12/15 v1.5 Expandable calculations on big integers (HO)
))
\Fld@menulength=\count287
\Field@Width=\dimen175
\Fld@charsize=\dimen176
Package hyperref Info: Hyper figures OFF on input line 6063.
Package hyperref Info: Link nesting OFF on input line 6068.
Package hyperref Info: Hyper index ON on input line 6071.
Package hyperref Info: backreferencing OFF on input line 6078.
Package hyperref Info: Link coloring OFF on input line 6083.
Package hyperref Info: Link coloring with OCG OFF on input line 6088.
Package hyperref Info: PDF/A mode OFF on input line 6093.
 (/usr/local/texlive/2024/texmf-dist/tex/latex/base/atbegshi-ltx.sty
Package: atbegshi-ltx 2021/01/10 v1.0c Emulation of the original atbegshi
package with kernel methods
)
\Hy@abspage=\count288
\c@Item=\count289
\c@Hfootnote=\count290
)
Package hyperref Info: Driver (autodetected): hpdftex.
 (/usr/local/texlive/2024/texmf-dist/tex/latex/hyperref/hpdftex.def
File: hpdftex.def 2024-01-20 v7.01h Hyperref driver for pdfTeX
 (/usr/local/texlive/2024/texmf-dist/tex/latex/base/atveryend-ltx.sty
Package: atveryend-ltx 2020/08/19 v1.0a Emulation of the original atveryend package
with kernel methods
)
\Fld@listcount=\count291
\c@bookmark@seq@number=\count292
 (/usr/local/texlive/2024/texmf-dist/tex/latex/rerunfilecheck/rerunfilecheck.sty
Package: rerunfilecheck 2022-07-10 v1.10 Rerun checks for auxiliary files (HO)
 (/usr/local/texlive/2024/texmf-dist/tex/generic/uniquecounter/uniquecounter.sty
Package: uniquecounter 2019/12/15 v1.4 Provide unlimited unique counter (HO)
)
Package uniquecounter Info: New unique counter `rerunfilecheck' on input line 285.
)
\Hy@SectionHShift=\skip53
) (/usr/local/texlive/2024/texmf-dist/tex/latex/xcolor/xcolor.sty
Package: xcolor 2023/11/15 v3.01 LaTeX color extensions (UK)
 (/usr/local/texlive/2024/texmf-dist/tex/latex/graphics-cfg/color.cfg
File: color.cfg 2016/01/02 v1.6 sample color configuration
)
Package xcolor Info: Driver file: pdftex.def on input line 274.
 (/usr/local/texlive/2024/texmf-dist/tex/latex/graphics/mathcolor.ltx)
Package xcolor Info: Model `cmy' substituted by `cmy0' on input line 1350.
Package xcolor Info: Model `hsb' substituted by `rgb' on input line 1354.
Package xcolor Info: Model `RGB' extended on input line 1366.
Package xcolor Info: Model `HTML' substituted by `rgb' on input line 1368.
Package xcolor Info: Model `Hsb' substituted by `hsb' on input line 1369.
Package xcolor Info: Model `tHsb' substituted by `hsb' on input line 1370.
Package xcolor Info: Model `HSB' substituted by `hsb' on input line 1371.
Package xcolor Info: Model `Gray' substituted by `gray' on input line 1372.
Package xcolor Info: Model `wave' substituted by `hsb' on input line 1373.
) (/usr/local/texlive/2024/texmf-dist/tex/latex/listings/listings.sty
\lst@mode=\count293
\lst@gtempboxa=\box53
\lst@token=\toks26
\lst@length=\count294
\lst@currlwidth=\dimen177
\lst@column=\count295
\lst@pos=\count296
\lst@lostspace=\dimen178
\lst@width=\dimen179
\lst@newlines=\count297
\lst@lineno=\count298
\lst@maxwidth=\dimen180
 (/usr/local/texlive/2024/texmf-dist/tex/latex/listings/lstpatch.sty
File: lstpatch.sty 2024/02/21 1.10 (Carsten Heinz)
) (/usr/local/texlive/2024/texmf-dist/tex/latex/listings/lstmisc.sty
File: lstmisc.sty 2024/02/21 1.10 (Carsten Heinz)
\c@lstnumber=\count299
\lst@skipnumbers=\count300
\lst@framebox=\box54
) (/usr/local/texlive/2024/texmf-dist/tex/latex/listings/listings.cfg
File: listings.cfg 2024/02/21 1.10 listings configuration
))
Package: listings 2024/02/21 1.10 (Carsten Heinz)
 (/usr/local/texlive/2024/texmf-dist/tex/latex/float/float.sty
Package: float 2001/11/08 v1.3d Float enhancements (AL)
\c@float@type=\count301
\float@exts=\toks27
\float@box=\box55
\@float@everytoks=\toks28
\@floatcapt=\box56
) (/usr/local/texlive/2024/texmf-dist/tex/latex/microtype/microtype.sty
Package: microtype 2023/03/13 v3.1a Micro-typographical refinements (RS)
\MT@toks=\toks29
\MT@tempbox=\box57
\MT@count=\count302
LaTeX Info: Redefining \noprotrusionifhmode on input line 1059.
LaTeX Info: Redefining \leftprotrusion on input line 1060.
\MT@prot@toks=\toks30
LaTeX Info: Redefining \rightprotrusion on input line 1078.
LaTeX Info: Redefining \textls on input line 1368.
\MT@outer@kern=\dimen181
LaTeX Info: Redefining \textmicrotypecontext on input line 1988.
\MT@listname@count=\count303
 (/usr/local/texlive/2024/texmf-dist/tex/latex/microtype/microtype-pdftex.def
File: microtype-pdftex.def 2023/03/13 v3.1a Definitions specific to pdftex (RS)
LaTeX Info: Redefining \lsstyle on input line 902.
LaTeX Info: Redefining \lslig on input line 902.
\MT@outer@space=\skip54
)
Package microtype Info: Loading configuration file microtype.cfg.
 (/usr/local/texlive/2024/texmf-dist/tex/latex/microtype/microtype.cfg
File: microtype.cfg 2023/03/13 v3.1a microtype main configuration file (RS)
)) (/usr/local/texlive/2024/texmf-dist/tex/latex/fancyhdr/fancyhdr.sty
Package: fancyhdr 2022/11/09 v4.1 Extensive control of page headers and footers
\f@nch@headwidth=\skip55
\f@nch@O@elh=\skip56
\f@nch@O@erh=\skip57
\f@nch@O@olh=\skip58
\f@nch@O@orh=\skip59
\f@nch@O@elf=\skip60
\f@nch@O@erf=\skip61
\f@nch@O@olf=\skip62
\f@nch@O@orf=\skip63
) (/usr/local/texlive/2024/texmf-dist/tex/latex/titlesec/titlesec.sty
Package: titlesec 2023/10/27 v2.16 Sectioning titles
\ttl@box=\box58
\beforetitleunit=\skip64
\aftertitleunit=\skip65
\ttl@plus=\dimen182
\ttl@minus=\dimen183
\ttl@toksa=\toks31
\titlewidth=\dimen184
\titlewidthlast=\dimen185
\titlewidthfirst=\dimen186
) (/usr/local/texlive/2024/texmf-dist/tex/latex/enumitem/enumitem.sty
Package: enumitem 2019/06/20 v3.9 Customized lists
\labelindent=\skip66
\enit@outerparindent=\dimen187
\enit@toks=\toks32
\enit@inbox=\box59
\enit@count@id=\count304
\enitdp@description=\count305
)
Package hyperref Info: Option `colorlinks' set `true' on input line 33.
 (/usr/local/texlive/2024/texmf-dist/tex/latex/l3backend/l3backend-pdftex.def
File: l3backend-pdftex.def 2024-02-20 L3 backend support: PDF output (pdfTeX)
\l__color_backend_stack_int=\count306
\l__pdf_internal_box=\box60
) (./report.aux)
\openout1 = `report.aux'.

LaTeX Font Info:    Checking defaults for OML/cmm/m/it on input line 61.
LaTeX Font Info:    ... okay on input line 61.
LaTeX Font Info:    Checking defaults for OMS/cmsy/m/n on input line 61.
LaTeX Font Info:    ... okay on input line 61.
LaTeX Font Info:    Checking defaults for OT1/cmr/m/n on input line 61.
LaTeX Font Info:    ... okay on input line 61.
LaTeX Font Info:    Checking defaults for T1/cmr/m/n on input line 61.
LaTeX Font Info:    ... okay on input line 61.
LaTeX Font Info:    Checking defaults for TS1/cmr/m/n on input line 61.
LaTeX Font Info:    ... okay on input line 61.
LaTeX Font Info:    Checking defaults for OMX/cmex/m/n on input line 61.
LaTeX Font Info:    ... okay on input line 61.
LaTeX Font Info:    Checking defaults for U/cmr/m/n on input line 61.
LaTeX Font Info:    ... okay on input line 61.
LaTeX Font Info:    Checking defaults for PD1/pdf/m/n on input line 61.
LaTeX Font Info:    ... okay on input line 61.
LaTeX Font Info:    Checking defaults for PU/pdf/m/n on input line 61.
LaTeX Font Info:    ... okay on input line 61.

*geometry* driver: auto-detecting
*geometry* detected driver: pdftex
*geometry* verbose mode - [ preamble ] result:
* driver: pdftex
* paper: a4paper
* layout: <same size as paper>
* layoutoffset:(h,v)=(0.0pt,0.0pt)
* modes: 
* h-part:(L,W,R)=(57.81621pt, 481.87546pt, 57.81621pt)
* v-part:(T,H,B)=(57.81621pt, 729.41443pt, 57.81621pt)
* \paperwidth=597.50787pt
* \paperheight=845.04684pt
* \textwidth=481.87546pt
* \textheight=729.41443pt
* \oddsidemargin=-14.45378pt
* \evensidemargin=-14.45378pt
* \topmargin=-51.45378pt
* \headheight=12.0pt
* \headsep=25.0pt
* \topskip=11.0pt
* \footskip=30.0pt
* \marginparwidth=50.0pt
* \marginparsep=10.0pt
* \columnsep=10.0pt
* \skip\footins=10.0pt plus 4.0pt minus 2.0pt
* \hoffset=0.0pt
* \voffset=0.0pt
* \mag=1000
* \@twocolumnfalse
* \@twosidefalse
* \@mparswitchfalse
* \@reversemarginfalse
* (1in=72.27pt=25.4mm, 1cm=28.453pt)

(/usr/local/texlive/2024/texmf-dist/tex/context/base/mkii/supp-pdf.mkii
[Loading MPS to PDF converter (version 2006.09.02).]
\scratchcounter=\count307
\scratchdimen=\dimen188
\scratchbox=\box61
\nofMPsegments=\count308
\nofMParguments=\count309
\everyMPshowfont=\toks33
\MPscratchCnt=\count310
\MPscratchDim=\dimen189
\MPnumerator=\count311
\makeMPintoPDFobject=\count312
\everyMPtoPDFconversion=\toks34
) (/usr/local/texlive/2024/texmf-dist/tex/latex/epstopdf-pkg/epstopdf-base.sty
Package: epstopdf-base 2020-01-24 v2.11 Base part for package epstopdf
Package epstopdf-base Info: Redefining graphics rule for `.eps' on input line 485.
 (/usr/local/texlive/2024/texmf-dist/tex/latex/latexconfig/epstopdf-sys.cfg
File: epstopdf-sys.cfg 2010/07/13 v1.3 Configuration of (r)epstopdf for TeX Live
))
Package hyperref Info: Link coloring ON on input line 61.
 (./report.out) (./report.out)
\@outlinefile=\write3
\openout3 = `report.out'.

\c@lstlisting=\count313
LaTeX Info: Redefining \microtypecontext on input line 61.
Package microtype Info: Applying patch `item' on input line 61.
Package microtype Info: Applying patch `toc' on input line 61.
Package microtype Info: Applying patch `eqnum' on input line 61.
Package microtype Info: Applying patch `footnote' on input line 61.
Package microtype Info: Applying patch `verbatim' on input line 61.
Package microtype Info: Generating PDF output.
Package microtype Info: Character protrusion enabled (level 2).
Package microtype Info: Using default protrusion set `alltext'.
Package microtype Info: Automatic font expansion enabled (level 2),
(microtype)             stretch: 20, shrink: 20, step: 1, non-selected.
Package microtype Info: Using default expansion set `alltext-nott'.
LaTeX Info: Redefining \showhyphens on input line 61.
Package microtype Info: No adjustment of tracking.
Package microtype Info: No adjustment of interword spacing.
Package microtype Info: No adjustment of character kerning.
 (/usr/local/texlive/2024/texmf-dist/tex/latex/microtype/mt-cmr.cfg
File: mt-cmr.cfg 2013/05/19 v2.2 microtype config. file: Computer Modern Roman (RS)
)
LaTeX Font Info:    Trying to load font information for U+msa on input line 64.
 (/usr/local/texlive/2024/texmf-dist/tex/latex/amsfonts/umsa.fd
File: umsa.fd 2013/01/14 v3.01 AMS symbols A
) (/usr/local/texlive/2024/texmf-dist/tex/latex/microtype/mt-msa.cfg
File: mt-msa.cfg 2006/02/04 v1.1 microtype config. file: AMS symbols (a) (RS)
)
LaTeX Font Info:    Trying to load font information for U+msb on input line 64.
 (/usr/local/texlive/2024/texmf-dist/tex/latex/amsfonts/umsb.fd
File: umsb.fd 2013/01/14 v3.01 AMS symbols B
) (/usr/local/texlive/2024/texmf-dist/tex/latex/microtype/mt-msb.cfg
File: mt-msb.cfg 2005/06/01 v1.0 microtype config. file: AMS symbols (b) (RS)
)
Package microtype Info: Loading generic protrusion settings for font family
(microtype)             `cmtt' (encoding: OT1).
(microtype)             For optimal results, create family-specific settings.
(microtype)             See the microtype manual for details.
LaTeX Font Info:    Trying to load font information for OMS+cmtt on input line 88.
LaTeX Font Info:    No file OMScmtt.fd. on input line 88.


LaTeX Font Warning: Font shape `OMS/cmtt/m/n' undefined
(Font)              using `OMS/cmsy/m/n' instead
(Font)              for symbol `textbackslash' on input line 88.

<images/phase1_server_log.png, id=124, 652.4375pt x 408.52625pt>
File: images/phase1_server_log.png Graphic file (type png)
<use images/phase1_server_log.png>
Package pdftex.def Info: images/phase1_server_log.png  used on input line 101.
(pdftex.def)             Requested size: 346.95091pt x 217.25345pt.
[1

{/usr/local/texlive/2024/texmf-var/fonts/map/pdftex/updmap/pdftex.map}
pdfTeX warning (ext4): destination with the same identifier (name{table.1}) has been already used, duplicate ignored
<argument> ...shipout:D \box_use:N \l_shipout_box 
                                                  \__shipout_drop_firstpage_...
l.105 
      {/usr/local/texlive/2024/texmf-dist/fonts/enc/dvips/cm-super/cm-super-ts1.enc}]
<images/phase1_wireshark_packets.png, id=138, 1284.8pt x 835.12pt>
File: images/phase1_wireshark_packets.png Graphic file (type png)
<use images/phase1_wireshark_packets.png>
Package pdftex.def Info: images/phase1_wireshark_packets.png  used on input line 110.
(pdftex.def)             Requested size: 231.29816pt x 150.34059pt.
<images/phase1_wireshark_tcp_stream.png, id=139, 1284.8pt x 835.12pt>
File: images/phase1_wireshark_tcp_stream.png Graphic file (type png)
<use images/phase1_wireshark_tcp_stream.png>
Package pdftex.def Info: images/phase1_wireshark_tcp_stream.png  used on input line 116.
(pdftex.def)             Requested size: 231.29816pt x 150.34059pt.

Overfull \hbox (30.72968pt too wide) in paragraph at lines 127--128
\OT1/cmr/m/n/10.95 (-20) In ac-cor-dance with course rules pro-hibit-ing high-level wrap-per APIs (\OT1/cmtt/m/n/10.95 <openssl/ssl.h> \OT1/cmr/m/n/10.95 (-20) and \OT1/cmtt/m/n/10.95 <openssl/dh.h>\OT1/cmr/m/n/10.95 (-20) ),
 []


Overfull \hbox (26.498pt too wide) in paragraph at lines 127--128
\OT1/cmr/m/n/10.95 (-20) Diffie--Hellman key agree-ment was built from scratch us-ing low-level BigNum-ber arith-metic (\OT1/cmtt/m/n/10.95 <openssl/bn.h>\OT1/cmr/m/n/10.95 (-20) )
 []

[2
pdfTeX warning (ext4): destination with the same identifier (name{figure.1}) has been already used, duplicate ignored
<argument> ...shipout:D \box_use:N \l_shipout_box 
                                                  \__shipout_drop_firstpage_...
l.137 
      
pdfTeX warning (ext4): destination with the same identifier (name{figure.2}) has been already used, duplicate ignored
<argument> ...shipout:D \box_use:N \l_shipout_box 
                                                  \__shipout_drop_firstpage_...
l.137 
      
pdfTeX warning (ext4): destination with the same identifier (name{figure.3}) has been already used, duplicate ignored
<argument> ...shipout:D \box_use:N \l_shipout_box 
                                                  \__shipout_drop_firstpage_...
l.137 
       <./images/phase1_server_log.png> <./images/phase1_wireshark_packets.png> <./images/phase1_wireshark_tcp_stream.png>]
<images/phase2_alice_normal.png, id=158, 653.44125pt x 528.97626pt>
File: images/phase2_alice_normal.png Graphic file (type png)
<use images/phase2_alice_normal.png>
Package pdftex.def Info: images/phase2_alice_normal.png  used on input line 156.
(pdftex.def)             Requested size: 231.29816pt x 187.23499pt.
<images/phase2_bob_normal.png, id=159, 650.43pt x 528.97626pt>
File: images/phase2_bob_normal.png Graphic file (type png)
<use images/phase2_bob_normal.png>
Package pdftex.def Info: images/phase2_bob_normal.png  used on input line 162.
(pdftex.def)             Requested size: 231.29816pt x 188.1067pt.
<images/phase2_server_normal.png, id=160, 653.44125pt x 529.98pt>
File: images/phase2_server_normal.png Graphic file (type png)
<use images/phase2_server_normal.png>
Package pdftex.def Info: images/phase2_server_normal.png  used on input line 172.
(pdftex.def)             Requested size: 231.29816pt x 187.59026pt.
<images/phase2_wireshark_ciphertext.png, id=161, 1284.8pt x 835.12pt>
File: images/phase2_wireshark_ciphertext.png Graphic file (type png)
<use images/phase2_wireshark_ciphertext.png>
Package pdftex.def Info: images/phase2_wireshark_ciphertext.png  used on input line 178.
(pdftex.def)             Requested size: 231.29816pt x 150.34059pt.
 [3
pdfTeX warning (ext4): destination with the same identifier (name{figure.4}) has been already used, duplicate ignored
<argument> ...shipout:D \box_use:N \l_shipout_box 
                                                  \__shipout_drop_firstpage_...
l.183 
      
pdfTeX warning (ext4): destination with the same identifier (name{figure.5}) has been already used, duplicate ignored
<argument> ...shipout:D \box_use:N \l_shipout_box 
                                                  \__shipout_drop_firstpage_...
l.183 
       <./images/phase2_alice_normal.png> <./images/phase2_bob_normal.png>]
<images/phase2_tamper_alice_client.png, id=177, 651.43375pt x 525.965pt>
File: images/phase2_tamper_alice_client.png Graphic file (type png)
<use images/phase2_tamper_alice_client.png>
Package pdftex.def Info: images/phase2_tamper_alice_client.png  used on input line 191.
(pdftex.def)             Requested size: 231.29816pt x 186.74696pt.
<images/phase2_tamper_server_alert.png, id=178, 654.445pt x 526.96875pt>
File: images/phase2_tamper_server_alert.png Graphic file (type png)
<use images/phase2_tamper_server_alert.png>
Package pdftex.def Info: images/phase2_tamper_server_alert.png  used on input line 197.
(pdftex.def)             Requested size: 231.29816pt x 186.24298pt.
 [4
pdfTeX warning (ext4): destination with the same identifier (name{figure.6}) has been already used, duplicate ignored
<argument> ...shipout:D \box_use:N \l_shipout_box 
                                                  \__shipout_drop_firstpage_...
l.212 \end{enumerate}
                     
pdfTeX warning (ext4): destination with the same identifier (name{figure.7}) has been already used, duplicate ignored
<argument> ...shipout:D \box_use:N \l_shipout_box 
                                                  \__shipout_drop_firstpage_...
l.212 \end{enumerate}
                     
pdfTeX warning (ext4): destination with the same identifier (name{figure.8}) has been already used, duplicate ignored
<argument> ...shipout:D \box_use:N \l_shipout_box 
                                                  \__shipout_drop_firstpage_...
l.212 \end{enumerate}
                     
pdfTeX warning (ext4): destination with the same identifier (name{figure.9}) has been already used, duplicate ignored
<argument> ...shipout:D \box_use:N \l_shipout_box 
                                                  \__shipout_drop_firstpage_...
l.212 \end{enumerate}
                      <./images/phase2_server_normal.png> <./images/phase2_wireshark_ciphertext.png> <./images/phase2_tamper_alice_client.png> <./images/phase2_tamper_server_alert.png>]
<images/phase2_mitm_alice_client.png, id=194, 653.44125pt x 530.98375pt>
File: images/phase2_mitm_alice_client.png Graphic file (type png)
<use images/phase2_mitm_alice_client.png>
Package pdftex.def Info: images/phase2_mitm_alice_client.png  used on input line 219.
(pdftex.def)             Requested size: 231.29816pt x 187.94554pt.
<images/phase2_mitm_bob_client.png, id=195, 656.4525pt x 528.97626pt>
File: images/phase2_mitm_bob_client.png Graphic file (type png)
<use images/phase2_mitm_bob_client.png>
Package pdftex.def Info: images/phase2_mitm_bob_client.png  used on input line 225.
(pdftex.def)             Requested size: 231.29816pt x 186.3794pt.
<images/phase2_mitm_server.png, id=196, 655.44875pt x 528.97626pt>
File: images/phase2_mitm_server.png Graphic file (type png)
<use images/phase2_mitm_server.png>
Package pdftex.def Info: images/phase2_mitm_server.png  used on input line 235.
(pdftex.def)             Requested size: 231.29816pt x 186.66997pt.
<images/phase2_mitm_mallory_intercept.png, id=197, 656.4525pt x 531.9875pt>
File: images/phase2_mitm_mallory_intercept.png Graphic file (type png)
<use images/phase2_mitm_mallory_intercept.png>
Package pdftex.def Info: images/phase2_mitm_mallory_intercept.png  used on input line 241.
(pdftex.def)             Requested size: 231.29816pt x 187.44038pt.
 [5
pdfTeX warning (ext4): destination with the same identifier (name{figure.10}) has been already used, duplicate ignored
<argument> ...shipout:D \box_use:N \l_shipout_box 
                                                  \__shipout_drop_firstpage_...
l.259     \item \textbf
                       {Root CA:} A self-signed Root Certificate Authority (...
pdfTeX warning (ext4): destination with the same identifier (name{figure.11}) has been already used, duplicate ignored
<argument> ...shipout:D \box_use:N \l_shipout_box 
                                                  \__shipout_drop_firstpage_...
l.259     \item \textbf
                       {Root CA:} A self-signed Root Certificate Authority (...
pdfTeX warning (ext4): destination with the same identifier (name{figure.12}) has been already used, duplicate ignored
<argument> ...shipout:D \box_use:N \l_shipout_box 
                                                  \__shipout_drop_firstpage_...
l.259     \item \textbf
                       {Root CA:} A self-signed Root Certificate Authority (...
pdfTeX warning (ext4): destination with the same identifier (name{figure.13}) has been already used, duplicate ignored
<argument> ...shipout:D \box_use:N \l_shipout_box 
                                                  \__shipout_drop_firstpage_...
l.259     \item \textbf
                       {Root CA:} A self-signed Root Certificate Authority (... <./images/phase2_mitm_alice_client.png> <./images/phase2_mitm_bob_client.png> <./images/phase2_mitm_server.png> <./images/phase2_mitm_mallory_intercept.png>]
<images/phase3_openssl_verify_cli.png, id=211, 581.17125pt x 421.575pt>
File: images/phase3_openssl_verify_cli.png Graphic file (type png)
<use images/phase3_openssl_verify_cli.png>
Package pdftex.def Info: images/phase3_openssl_verify_cli.png  used on input line 265.
(pdftex.def)             Requested size: 289.1282pt x 209.73201pt.

Overfull \hbox (2.31412pt too wide) in paragraph at lines 285--286
[]\OT1/cmr/m/n/10.95 (-20) Client ex-tracts the pub-lic key from \OT1/cmtt/m/n/10.95 server.crt \OT1/cmr/m/n/10.95 (-20) and ver-i-fies the sig-na-ture us-ing \OT1/cmtt/m/n/10.95 EVP[]DigestVerify\OT1/cmr/m/n/10.95 (-20) . 
 []

<images/phase3_legitimate_client.png, id=212, 653.44125pt x 530.98375pt>
File: images/phase3_legitimate_client.png Graphic file (type png)
<use images/phase3_legitimate_client.png>
Package pdftex.def Info: images/phase3_legitimate_client.png  used on input line 293.
(pdftex.def)             Requested size: 231.29816pt x 187.94554pt.
<images/phase3_legitimate_server.png, id=213, 657.45625pt x 529.98pt>
File: images/phase3_legitimate_server.png Graphic file (type png)
<use images/phase3_legitimate_server.png>
Package pdftex.def Info: images/phase3_legitimate_server.png  used on input line 299.
(pdftex.def)             Requested size: 231.29816pt x 186.45001pt.
[6
pdfTeX warning (ext4): destination with the same identifier (name{figure.14}) has been already used, duplicate ignored
<argument> ...shipout:D \box_use:N \l_shipout_box 
                                                  \__shipout_drop_firstpage_...
l.304 
       <./images/phase3_openssl_verify_cli.png>]
<images/phase3_untrusted_cert_client_fail.png, id=230, 654.445pt x 532.99126pt>
File: images/phase3_untrusted_cert_client_fail.png Graphic file (type png)
<use images/phase3_untrusted_cert_client_fail.png>
Package pdftex.def Info: images/phase3_untrusted_cert_client_fail.png  used on input line 315.
(pdftex.def)             Requested size: 231.29816pt x 188.37148pt.
<images/phase3_untrusted_cert_mallory_fail.png, id=231, 654.445pt x 533.995pt>
File: images/phase3_untrusted_cert_mallory_fail.png Graphic file (type png)
<use images/phase3_untrusted_cert_mallory_fail.png>
Package pdftex.def Info: images/phase3_untrusted_cert_mallory_fail.png  used on input line 321.
(pdftex.def)             Requested size: 231.29816pt x 188.72623pt.
<images/phase3_stolen_cert_pop_bypass_client_fail.png, id=234, 658.46pt x 530.98375pt>
File: images/phase3_stolen_cert_pop_bypass_client_fail.png Graphic file (type png)
<use images/phase3_stolen_cert_pop_bypass_client_fail.png>
Package pdftex.def Info: images/phase3_stolen_cert_pop_bypass_client_fail.png  used on input line 334.
(pdftex.def)             Requested size: 231.29816pt x 186.51956pt.
<images/phase3_stolen_cert_pop_bypass_mallory_fail.png, id=235, 659.46375pt x 531.9875pt>
File: images/phase3_stolen_cert_pop_bypass_mallory_fail.png Graphic file (type png)
<use images/phase3_stolen_cert_pop_bypass_mallory_fail.png>
Package pdftex.def Info: images/phase3_stolen_cert_pop_bypass_mallory_fail.png  used on input line 340.
(pdftex.def)             Requested size: 231.29816pt x 186.58804pt.
 [7
pdfTeX warning (ext4): destination with the same identifier (name{figure.15}) has been already used, duplicate ignored
<argument> ...shipout:D \box_use:N \l_shipout_box 
                                                  \__shipout_drop_firstpage_...
l.345 
      
pdfTeX warning (ext4): destination with the same identifier (name{figure.16}) has been already used, duplicate ignored
<argument> ...shipout:D \box_use:N \l_shipout_box 
                                                  \__shipout_drop_firstpage_...
l.345 
      
pdfTeX warning (ext4): destination with the same identifier (name{figure.17}) has been already used, duplicate ignored
<argument> ...shipout:D \box_use:N \l_shipout_box 
                                                  \__shipout_drop_firstpage_...
l.345 
      
pdfTeX warning (ext4): destination with the same identifier (name{figure.18}) has been already used, duplicate ignored
<argument> ...shipout:D \box_use:N \l_shipout_box 
                                                  \__shipout_drop_firstpage_...
l.345 
       <./images/phase3_legitimate_client.png> <./images/phase3_legitimate_server.png> <./images/phase3_untrusted_cert_client_fail.png> <./images/phase3_untrusted_cert_mallory_fail.png>]
<images/phase4_alice_e2e_init.png, id=251, 654.445pt x 530.98375pt>
File: images/phase4_alice_e2e_init.png Graphic file (type png)
<use images/phase4_alice_e2e_init.png>
Package pdftex.def Info: images/phase4_alice_e2e_init.png  used on input line 370.
(pdftex.def)             Requested size: 231.29816pt x 187.66197pt.
<images/phase4_bob_e2e_receive.png, id=252, 652.4375pt x 528.97626pt>
File: images/phase4_bob_e2e_receive.png Graphic file (type png)
<use images/phase4_bob_e2e_receive.png>
Package pdftex.def Info: images/phase4_bob_e2e_receive.png  used on input line 376.
(pdftex.def)             Requested size: 231.29816pt x 187.52556pt.
 [8
pdfTeX warning (ext4): destination with the same identifier (name{figure.19}) has been already used, duplicate ignored
<argument> ...shipout:D \box_use:N \l_shipout_box 
                                                  \__shipout_drop_firstpage_...
l.381 
      
pdfTeX warning (ext4): destination with the same identifier (name{figure.20}) has been already used, duplicate ignored
<argument> ...shipout:D \box_use:N \l_shipout_box 
                                                  \__shipout_drop_firstpage_...
l.381 
       <./images/phase3_stolen_cert_pop_bypass_client_fail.png> <./images/phase3_stolen_cert_pop_bypass_mallory_fail.png>]
<images/phase4_server_blind_relay_1.png, id=261, 660.4675pt x 531.9875pt>
File: images/phase4_server_blind_relay_1.png Graphic file (type png)
<use images/phase4_server_blind_relay_1.png>
Package pdftex.def Info: images/phase4_server_blind_relay_1.png  used on input line 389.
(pdftex.def)             Requested size: 231.29816pt x 186.30394pt.
<images/phase4_server_blind_relay_2.png, id=262, 654.445pt x 526.96875pt>
File: images/phase4_server_blind_relay_2.png Graphic file (type png)
<use images/phase4_server_blind_relay_2.png>
Package pdftex.def Info: images/phase4_server_blind_relay_2.png  used on input line 395.
(pdftex.def)             Requested size: 231.29816pt x 186.24298pt.
 [9
pdfTeX warning (ext4): destination with the same identifier (name{figure.21}) has been already used, duplicate ignored
<argument> ...shipout:D \box_use:N \l_shipout_box 
                                                  \__shipout_drop_firstpage_...
l.409 
      
pdfTeX warning (ext4): destination with the same identifier (name{figure.22}) has been already used, duplicate ignored
<argument> ...shipout:D \box_use:N \l_shipout_box 
                                                  \__shipout_drop_firstpage_...
l.409 
      
pdfTeX warning (ext4): destination with the same identifier (name{figure.23}) has been already used, duplicate ignored
<argument> ...shipout:D \box_use:N \l_shipout_box 
                                                  \__shipout_drop_firstpage_...
l.409 
      
pdfTeX warning (ext4): destination with the same identifier (name{figure.24}) has been already used, duplicate ignored
<argument> ...shipout:D \box_use:N \l_shipout_box 
                                                  \__shipout_drop_firstpage_...
l.409 
       <./images/phase4_alice_e2e_init.png> <./images/phase4_bob_e2e_receive.png> <./images/phase4_server_blind_relay_1.png> <./images/phase4_server_blind_relay_2.png>]
<images/phase5_server_rotations.png, id=277, 1284.8pt x 835.12pt>
File: images/phase5_server_rotations.png Graphic file (type png)
<use images/phase5_server_rotations.png>
Package pdftex.def Info: images/phase5_server_rotations.png  used on input line 431.
(pdftex.def)             Requested size: 361.40659pt x 234.91515pt.
<images/phase5_alice_rotations.png, id=278, 1284.8pt x 835.12pt>
File: images/phase5_alice_rotations.png Graphic file (type png)
<use images/phase5_alice_rotations.png>
Package pdftex.def Info: images/phase5_alice_rotations.png  used on input line 440.
(pdftex.def)             Requested size: 231.29816pt x 150.34059pt.
<images/phase5_bob_rotations_and_chat.png, id=279, 1284.8pt x 835.12pt>
File: images/phase5_bob_rotations_and_chat.png Graphic file (type png)
<use images/phase5_bob_rotations_and_chat.png>
Package pdftex.def Info: images/phase5_bob_rotations_and_chat.png  used on input line 446.
(pdftex.def)             Requested size: 231.29816pt x 150.34059pt.
 [10
pdfTeX warning (ext4): destination with the same identifier (name{figure.25}) has been already used, duplicate ignored
<argument> ...shipout:D \box_use:N \l_shipout_box 
                                                  \__shipout_drop_firstpage_...
l.451 
       <./images/phase5_server_rotations.png>] [11
pdfTeX warning (ext4): destination with the same identifier (name{figure.26}) has been already used, duplicate ignored
<argument> ...shipout:D \box_use:N \l_shipout_box 
                                                  \__shipout_drop_firstpage_...
l.475 \end{document}
                    
pdfTeX warning (ext4): destination with the same identifier (name{figure.27}) has been already used, duplicate ignored
<argument> ...shipout:D \box_use:N \l_shipout_box 
                                                  \__shipout_drop_firstpage_...
l.475 \end{document}
                     <./images/phase5_alice_rotations.png> <./images/phase5_bob_rotations_and_chat.png>] (./report.aux)
 ***********
LaTeX2e <2023-11-01> patch level 1
L3 programming layer <2024-02-20>
 ***********


LaTeX Font Warning: Some font shapes were not available, defaults substituted.

Package rerunfilecheck Info: File `report.out' has not changed.
(rerunfilecheck)             Checksum: 038DAFC96BD2B8E0F82AB8E589EEB6E5;7358.
 ) 
Here is how much of TeX's memory you used:
 15339 strings out of 474116
 241294 string characters out of 5743682
 1940187 words of memory out of 5000000
 37284 multiletter control sequences out of 15000+600000
 573385 words of font info for 150 fonts, out of 8000000 for 9000
 1141 hyphenation exceptions out of 8191
 75i,12n,79p,1079b,601s stack positions out of 10000i,1000n,20000p,200000b,200000s
</usr/local/texlive/2024/texmf-dist/fonts/type1/public/amsfonts/cm/cmbx10.pfb></usr/local/texlive/2024/texmf-dist/fonts/type1/public/amsfonts/cm/cmbx12.pfb></usr/local/texlive/2024/texmf-dist/fonts/type1/public/amsfonts/cm/cmmi10.pfb></usr/local/texlive/2024/texmf-dist/fonts/type1/public/amsfonts/cm/cmmi8.pfb></usr/local/texlive/2024/texmf-dist/fonts/type1/public/amsfonts/cm/cmr10.pfb></usr/local/texlive/2024/texmf-dist/fonts/type1/public/amsfonts/cm/cmr8.pfb></usr/local/texlive/2024/texmf-dist/fonts/type1/public/amsfonts/cm/cmsy10.pfb></usr/local/texlive/2024/texmf-dist/fonts/type1/public/amsfonts/cm/cmsy8.pfb></usr/local/texlive/2024/texmf-dist/fonts/type1/public/amsfonts/cm/cmti10.pfb></usr/local/texlive/2024/texmf-dist/fonts/type1/public/amsfonts/cm/cmtt10.pfb></usr/local/texlive/2024/texmf-dist/fonts/type1/public/amsfonts/symbols/msbm10.pfb></usr/local/texlive/2024/texmf-dist/fonts/type1/public/cm-super/sfrm1095.pfb>
Output written on report.pdf (11 pages, 3177123 bytes).
PDF statistics:
 386 PDF objects out of 1000 (max. 8388607)
 292 compressed objects within 3 object streams
 99 named destinations out of 1000 (max. 500000)
 35192 words of extra memory for PDF output out of 35830 (max. 10000000)

